#Saving game infomation
SEED=123456789
#Saving tile bag and box lid infomation
BAG=YYBYLUBURYBYLBLLBULRLURLLUUBUBBYYYLBBULBBRYYBURRULLUUYYURULBUBLRURRYRRRBYRLLYYRU
LID=
#Saving all factories, factory 0 is the center factory
FACTORY_0=RRBUF
FACTORY_1=RYBU
FACTORY_2=RYBB
FACTORY_3=
FACTORY_4=
FACTORY_5=RYYL
#Saving player 1's infomation
PLAYER_1_NAME=Jordan
PLAYER_1_SCORE=0
PLAYER_1_PATTERN_LINE0=
PLAYER_1_PATTERN_LINE1=
PLAYER_1_PATTERN_LINE2=LLL
PLAYER_1_PATTERN_LINE3=
PLAYER_1_PATTERN_LINE4=
PLAYER_1_FLOOR_LINE=
PLAYER_1_MOSAIC_0=-----
PLAYER_1_MOSAIC_1=-----
PLAYER_1_MOSAIC_2=-----
PLAYER_1_MOSAIC_3=-----
PLAYER_1_MOSAIC_4=-----
#Saving player 2's infomation
PLAYER_2_NAME=Hacking
PLAYER_2_SCORE=0
PLAYER_2_PATTERN_LINE0=
PLAYER_2_PATTERN_LINE1=U
PLAYER_2_PATTERN_LINE2=
PLAYER_2_PATTERN_LINE3=
PLAYER_2_PATTERN_LINE4=
PLAYER_2_FLOOR_LINE=
PLAYER_2_MOSAIC_0=-----
PLAYER_2_MOSAIC_1=-----
PLAYER_2_MOSAIC_2=-----
PLAYER_2_MOSAIC_3=-----
PLAYER_2_MOSAIC_4=-----
#Saving the current players turn
CURRENT_PLAYER=1