#Saving game infomation
SEED=427940514
#Saving tile bag and box lid infomation
BAG=YBBLLRLUYYRBYUYUYYBYLULULYBRRBRBLYBLBRYYRRBYUBRYULYBYUUUUYBYLLBLURLLRYLBRURLRLUR
LID=
#Saving all factories, factory 0 is the center factory
FACTORY_0=
FACTORY_1=
FACTORY_2=
FACTORY_3=RBLU
FACTORY_4=
FACTORY_5=RYBU
#Saving player 1's infomation
PLAYER_1_NAME=Gav
PLAYER_1_SCORE=0
PLAYER_1_PATTERN_LINE0=L
PLAYER_1_PATTERN_LINE1=
PLAYER_1_PATTERN_LINE2=BBB
PLAYER_1_PATTERN_LINE3=
PLAYER_1_PATTERN_LINE4=
PLAYER_1_FLOOR_LINE=L
PLAYER_1_MOSAIC_0=-----
PLAYER_1_MOSAIC_1=-----
PLAYER_1_MOSAIC_2=-----
PLAYER_1_MOSAIC_3=-----
PLAYER_1_MOSAIC_4=-----
#Saving player 2's infomation
PLAYER_2_NAME=Debi
PLAYER_2_SCORE=0
PLAYER_2_PATTERN_LINE0=
PLAYER_2_PATTERN_LINE1=UU
PLAYER_2_PATTERN_LINE2=RRR
PLAYER_2_PATTERN_LINE3=
PLAYER_2_PATTERN_LINE4=
PLAYER_2_FLOOR_LINE=FUU
PLAYER_2_MOSAIC_0=-----
PLAYER_2_MOSAIC_1=-----
PLAYER_2_MOSAIC_2=-----
PLAYER_2_MOSAIC_3=-----
PLAYER_2_MOSAIC_4=-----
#Saving the current players turn
CURRENT_PLAYER=1